  [1m[35m (3.0ms)[0m  [1m[35mCREATE TABLE "schema_migrations" ("version" varchar NOT NULL PRIMARY KEY) /*application='Backend'*/[0m
  [1m[35m (0.2ms)[0m  [1m[35mCREATE TABLE "ar_internal_metadata" ("key" varchar NOT NULL PRIMARY KEY, "value" varchar, "created_at" datetime(6) NOT NULL, "updated_at" datetime(6) NOT NULL) /*application='Backend'*/[0m
  [1m[36mActiveRecord::InternalMetadata Load (0.3ms)[0m  [1m[34mSELECT * FROM "ar_internal_metadata" WHERE "ar_internal_metadata"."key" = 'environment' ORDER BY "ar_internal_metadata"."key" ASC LIMIT 1 /*application='Backend'*/[0m
  [1m[36mActiveRecord::InternalMetadata Create (0.2ms)[0m  [1m[32mINSERT INTO "ar_internal_metadata" ("key", "value", "created_at", "updated_at") VALUES ('environment', 'development', '2026-02-24 01:07:35.977078', '2026-02-24 01:07:35.977081') RETURNING "key" /*application='Backend'*/[0m
  [1m[36mActiveRecord::SchemaMigration Load (0.1ms)[0m  [1m[34mSELECT "schema_migrations"."version" FROM "schema_migrations" ORDER BY "schema_migrations"."version" ASC /*application='Backend'*/[0m
Migrating to CreateUsers (20260224010547)
  [1m[36mTRANSACTION (0.1ms)[0m  [1m[35mBEGIN immediate TRANSACTION /*application='Backend'*/[0m
  [1m[35m (1.6ms)[0m  [1m[35mCREATE TABLE "users" ("id" integer PRIMARY KEY AUTOINCREMENT NOT NULL, "username" varchar, "email" varchar, "password_digest" varchar, "first_name" varchar, "last_name" varchar, "profile_visibility" integer, "created_at" datetime(6) NOT NULL, "updated_at" datetime(6) NOT NULL) /*application='Backend'*/[0m
  [1m[36mActiveRecord::SchemaMigration Create (0.2ms)[0m  [1m[32mINSERT INTO "schema_migrations" ("version") VALUES ('20260224010547') RETURNING "version" /*application='Backend'*/[0m
  [1m[36mTRANSACTION (0.1ms)[0m  [1m[35mCOMMIT TRANSACTION /*application='Backend'*/[0m
Migrating to CreateCircles (20260224010604)
  [1m[36mTRANSACTION (0.1ms)[0m  [1m[35mBEGIN immediate TRANSACTION /*application='Backend'*/[0m
  [1m[35m (1.3ms)[0m  [1m[35mCREATE TABLE "circles" ("id" integer PRIMARY KEY AUTOINCREMENT NOT NULL, "user_id" integer NOT NULL, "title" varchar, "description" text, "is_public" boolean, "color_theme" varchar, "version" integer, "created_at" datetime(6) NOT NULL, "updated_at" datetime(6) NOT NULL, CONSTRAINT "fk_rails_3d0212b825"
FOREIGN KEY ("user_id")
  REFERENCES "users" ("id")
) /*application='Backend'*/[0m
  [1m[35m (0.1ms)[0m  [1m[35mCREATE INDEX "index_circles_on_user_id" ON "circles" ("user_id") /*application='Backend'*/[0m
  [1m[36mActiveRecord::SchemaMigration Create (0.1ms)[0m  [1m[32mINSERT INTO "schema_migrations" ("version") VALUES ('20260224010604') RETURNING "version" /*application='Backend'*/[0m
  [1m[36mTRANSACTION (0.1ms)[0m  [1m[35mCOMMIT TRANSACTION /*application='Backend'*/[0m
Migrating to CreateRadians (20260224010613)
  [1m[36mTRANSACTION (0.1ms)[0m  [1m[35mBEGIN immediate TRANSACTION /*application='Backend'*/[0m
  [1m[35m (2.0ms)[0m  [1m[35mCREATE TABLE "radians" ("id" integer PRIMARY KEY AUTOINCREMENT NOT NULL, "circle_id" integer NOT NULL, "content" text, "position_angle" float, "is_archived" boolean, "created_at" datetime(6) NOT NULL, "updated_at" datetime(6) NOT NULL, CONSTRAINT "fk_rails_17ad98a71c"
FOREIGN KEY ("circle_id")
  REFERENCES "circles" ("id")
) /*application='Backend'*/[0m
  [1m[35m (0.1ms)[0m  [1m[35mCREATE INDEX "index_radians_on_circle_id" ON "radians" ("circle_id") /*application='Backend'*/[0m
  [1m[36mActiveRecord::SchemaMigration Create (0.2ms)[0m  [1m[32mINSERT INTO "schema_migrations" ("version") VALUES ('20260224010613') RETURNING "version" /*application='Backend'*/[0m
  [1m[36mTRANSACTION (0.1ms)[0m  [1m[35mCOMMIT TRANSACTION /*application='Backend'*/[0m
Migrating to CreateConnections (20260224010623)
  [1m[36mTRANSACTION (0.1ms)[0m  [1m[35mBEGIN immediate TRANSACTION /*application='Backend'*/[0m
  [1m[35m (1.6ms)[0m  [1m[35mCREATE TABLE "connections" ("id" integer PRIMARY KEY AUTOINCREMENT NOT NULL, "from_user_id" integer NOT NULL, "to_user_id" integer NOT NULL, "connection_type" integer, "status" integer, "created_at" datetime(6) NOT NULL, "updated_at" datetime(6) NOT NULL, CONSTRAINT "fk_rails_47fd79c013"
FOREIGN KEY ("from_user_id")
  REFERENCES "from_users" ("id")
, CONSTRAINT "fk_rails_034ae917f7"
FOREIGN KEY ("to_user_id")
  REFERENCES "to_users" ("id")
) /*application='Backend'*/[0m
  [1m[35m (0.1ms)[0m  [1m[35mCREATE INDEX "index_connections_on_from_user_id" ON "connections" ("from_user_id") /*application='Backend'*/[0m
  [1m[35m (0.1ms)[0m  [1m[35mCREATE INDEX "index_connections_on_to_user_id" ON "connections" ("to_user_id") /*application='Backend'*/[0m
  [1m[36mActiveRecord::SchemaMigration Create (0.2ms)[0m  [1m[32mINSERT INTO "schema_migrations" ("version") VALUES ('20260224010623') RETURNING "version" /*application='Backend'*/[0m
  [1m[36mTRANSACTION (0.1ms)[0m  [1m[35mCOMMIT TRANSACTION /*application='Backend'*/[0m
Migrating to CreateShares (20260224010637)
  [1m[36mTRANSACTION (0.1ms)[0m  [1m[35mBEGIN immediate TRANSACTION /*application='Backend'*/[0m
  [1m[35m (1.6ms)[0m  [1m[35mCREATE TABLE "shares" ("id" integer PRIMARY KEY AUTOINCREMENT NOT NULL, "circle_id" integer NOT NULL, "shared_by_user_id" integer NOT NULL, "shared_with_user_id" integer NOT NULL, "permission_level" integer, "created_at" datetime(6) NOT NULL, "updated_at" datetime(6) NOT NULL, CONSTRAINT "fk_rails_2a30f6ceac"
FOREIGN KEY ("circle_id")
  REFERENCES "circles" ("id")
, CONSTRAINT "fk_rails_88c0fe7059"
FOREIGN KEY ("shared_by_user_id")
  REFERENCES "shared_by_users" ("id")
, CONSTRAINT "fk_rails_27b54d71e5"
FOREIGN KEY ("shared_with_user_id")
  REFERENCES "shared_with_users" ("id")
) /*application='Backend'*/[0m
  [1m[35m (0.1ms)[0m  [1m[35mCREATE INDEX "index_shares_on_circle_id" ON "shares" ("circle_id") /*application='Backend'*/[0m
  [1m[35m (0.1ms)[0m  [1m[35mCREATE INDEX "index_shares_on_shared_by_user_id" ON "shares" ("shared_by_user_id") /*application='Backend'*/[0m
  [1m[35m (0.1ms)[0m  [1m[35mCREATE INDEX "index_shares_on_shared_with_user_id" ON "shares" ("shared_with_user_id") /*application='Backend'*/[0m
  [1m[36mActiveRecord::SchemaMigration Create (0.1ms)[0m  [1m[32mINSERT INTO "schema_migrations" ("version") VALUES ('20260224010637') RETURNING "version" /*application='Backend'*/[0m
  [1m[36mTRANSACTION (0.1ms)[0m  [1m[35mCOMMIT TRANSACTION /*application='Backend'*/[0m
Migrating to CreateCircleSnapshots (20260224010646)
  [1m[36mTRANSACTION (0.1ms)[0m  [1m[35mBEGIN immediate TRANSACTION /*application='Backend'*/[0m
  [1m[35m (1.4ms)[0m  [1m[35mCREATE TABLE "circle_snapshots" ("id" integer PRIMARY KEY AUTOINCREMENT NOT NULL, "circle_id" integer NOT NULL, "version" integer, "snapshot_data" text, "created_at" datetime(6) NOT NULL, "updated_at" datetime(6) NOT NULL, CONSTRAINT "fk_rails_b5118cae05"
FOREIGN KEY ("circle_id")
  REFERENCES "circles" ("id")
) /*application='Backend'*/[0m
  [1m[35m (0.1ms)[0m  [1m[35mCREATE INDEX "index_circle_snapshots_on_circle_id" ON "circle_snapshots" ("circle_id") /*application='Backend'*/[0m
  [1m[36mActiveRecord::SchemaMigration Create (0.1ms)[0m  [1m[32mINSERT INTO "schema_migrations" ("version") VALUES ('20260224010646') RETURNING "version" /*application='Backend'*/[0m
  [1m[36mTRANSACTION (0.1ms)[0m  [1m[35mCOMMIT TRANSACTION /*application='Backend'*/[0m
  [1m[36mActiveRecord::SchemaMigration Load (0.0ms)[0m  [1m[34mSELECT "schema_migrations"."version" FROM "schema_migrations" ORDER BY "schema_migrations"."version" ASC /*application='Backend'*/[0m
